18-12-29 16:48-INFO-Training
18-12-29 16:48-INFO-0.007535795026375283 perplexity:  7213.00
18-12-29 16:48-INFO-0.10700828937452901 perplexity:  1510.77
